This file contains any messages produced by compilers while
running configure, to aid debugging if configure makes a mistake.

It was created by Hackedbox configure 0.8.8, which was
generated by GNU Autoconf 2.73.  Invocation command line was

  $ ./configure --prefix=/usr

## --------- ##
## Platform. ##
## --------- ##

hostname = Helix
uname -m = x86_64
uname -r = 6.12.71
uname -s = Linux
uname -v = #1 SMP PREEMPT_DYNAMIC Thu Jul 23 04:24:46 UTC 2026

/usr/bin/uname -p = unknown
/bin/uname -X     = unknown

/bin/arch              = unknown
/usr/bin/arch -k       = unknown
/usr/convex/getsysinfo = unknown
/usr/bin/hostinfo      = unknown
/bin/machine           = unknown
/usr/bin/oslevel       = unknown
/bin/universe          = unknown

PATH: /usr/local/sbin/
PATH: /usr/local/bin/
PATH: /usr/bin/
PATH: /usr/sbin/
PATH: /bin/
PATH: /sbin/
PATH: /opt/sbin/
PATH: /opt/bin/


## ----------- ##
## Core tests. ##
## ----------- ##

configure:2525: looking for aux files: compile missing install-sh
configure:2538:  trying ./
configure:2567:   ./compile found
configure:2567:   ./missing found
configure:2549:   ./install-sh found
configure:2722: checking for a BSD-compatible install
configure:2796: result: /usr/bin/install -c
configure:2807: checking whether sleep supports fractional seconds
configure:2823: result: yes
configure:2826: checking filesystem timestamp resolution
configure:2961: result: 0.01
configure:2966: checking whether build environment is sane
configure:3011: result: yes
configure:3182: checking for a race-free mkdir -p
configure:3225: result: /bin/mkdir -p
configure:3232: checking for gawk
configure:3253: found /usr/bin/gawk
configure:3265: result: gawk
configure:3276: checking whether make sets $(MAKE)
configure:3300: result: yes
configure:3326: checking whether make supports nested variables
configure:3345: result: yes
configure:3359: checking xargs -n works
configure:3375: result: yes
configure:3455: checking whether UID '1000' is supported by ustar format
configure:3461: result: yes
configure:3468: checking whether GID '1000' is supported by ustar format
configure:3474: result: yes
configure:3482: checking how to create a ustar tar archive
configure:3493: tar --version
tar (GNU tar) 1.35
Copyright (C) 2023 Free Software Foundation, Inc.
License GPLv3+: GNU GPL version 3 or later <https://gnu.org/licenses/gpl.html>.
This is free software: you are free to change and redistribute it.
There is NO WARRANTY, to the extent permitted by law.

Written by John Gilmore and Jay Fenlason.
configure:3496: $? = 0
configure:3536: tardir=conftest.dir && eval tar --format=ustar -chf - "$tardir" >conftest.tar
configure:3539: $? = 0
configure:3543: tar -xf - <conftest.tar
configure:3546: $? = 0
configure:3548: cat conftest.dir/file
GrepMe
configure:3551: $? = 0
configure:3566: result: gnutar
configure:3661: checking for gcc
configure:3682: found /usr/bin/gcc
configure:3694: result: gcc
configure:4053: checking for C compiler version
configure:4062: gcc --version >&5
gcc (CRUX-x86_64-multilib) 14.4.0
Copyright (C) 2024 Free Software Foundation, Inc.
This is free software; see the source for copying conditions.  There is NO
warranty; not even for MERCHANTABILITY or FITNESS FOR A PARTICULAR PURPOSE.

configure:4073: $? = 0
configure:4062: gcc -v >&5
Using built-in specs.
COLLECT_GCC=gcc
COLLECT_LTO_WRAPPER=/usr/lib/gcc/x86_64-pc-linux-gnu/14.4.0/lto-wrapper
Target: x86_64-pc-linux-gnu
Configured with: ../gcc-14.4.0/configure --prefix=/usr --libexecdir=/usr/lib --enable-threads=posix --with-build-config=bootstrap-lto-lean --with-linker-hash-style=gnu --with-system-zlib --enable-languages=c,c++,lto --enable-stage1-languages=c,lto --enable-link-serialization=1 --enable-linker-build-id --enable-gnu-indirect-function --enable-__cxa_atexit --enable-clocale=gnu --enable-shared --enable-lto --enable-multilib --enable-plugin --enable-default-pie --enable-default-ssp --enable-host-pie --with-pkgversion=CRUX-x86_64-multilib --with-x=no --disable-fixincludes --disable-nls
Thread model: posix
Supported LTO compression algorithms: zlib zstd
gcc version 14.4.0 (CRUX-x86_64-multilib) 
configure:4073: $? = 0
configure:4062: gcc -V >&5
gcc: error: unrecognized command-line option '-V'
gcc: fatal error: no input files
compilation terminated.
configure:4073: $? = 1
configure:4062: gcc -qversion >&5
gcc: error: unrecognized command-line option '-qversion'; did you mean '--version'?
gcc: fatal error: no input files
compilation terminated.
configure:4073: $? = 1
configure:4062: gcc -version >&5
gcc: error: unrecognized command-line option '-version'
gcc: fatal error: no input files
compilation terminated.
configure:4073: $? = 1
configure:4093: checking whether the C compiler works
configure:4115: gcc    conftest.c  >&5
configure:4119: $? = 0
configure:4170: result: yes
configure:4174: checking for C compiler default output file name
configure:4176: result: a.out
configure:4182: checking for suffix of executables
configure:4189: gcc -o conftest    conftest.c  >&5
configure:4193: $? = 0
configure:4217: result: 
configure:4241: checking whether we are cross compiling
configure:4249: gcc -o conftest    conftest.c  >&5
configure:4253: $? = 0
configure:4260: ./conftest
configure:4264: $? = 0
configure:4279: result: no
configure:4285: checking for suffix of object files
configure:4308: gcc -c   conftest.c >&5
configure:4312: $? = 0
configure:4336: result: o
configure:4340: checking whether the compiler supports GNU C
configure:4360: gcc -c   conftest.c >&5
configure:4360: $? = 0
configure:4372: result: yes
configure:4383: checking whether gcc accepts -g
configure:4404: gcc -c -g  conftest.c >&5
configure:4404: $? = 0
configure:4451: result: yes
configure:4471: checking for gcc option to enable C23 features
configure:4486: gcc  -c -g -O2  conftest.c >&5
conftest.c:14:3: error: #error "Compiler advertises conformance to C17 or earlier"
   14 | # error "Compiler advertises conformance to C17 or earlier"
      |   ^~~~~
conftest.c: In function 'alignas':
conftest.c:18:23: error: expected declaration specifiers before 'c23_aligned_as_double'
   18 | char alignas (double) c23_aligned_as_double;
      |                       ^~~~~~~~~~~~~~~~~~~~~
conftest.c:19:15: error: expected declaration specifiers or '...' before numeric constant
   19 | char alignas (0) c23_no_special_alignment;
      |               ^
conftest.c:20:13: error: storage class specified for parameter 'c23_aligned_as_int'
   20 | extern char c23_aligned_as_int;
      |             ^~~~~~~~~~~~~~~~~~
conftest.c:21:15: error: expected declaration specifiers or '...' before numeric constant
   21 | char alignas (0) alignas (int) c23_aligned_as_int;
      |               ^
conftest.c:26:23: error: implicit declaration of function 'alignof'; did you mean 'alignas'? [-Wimplicit-function-declaration]
   26 |   c23_int_alignment = alignof (int),
      |                       ^~~~~~~
      |                       alignas
conftest.c:26:32: error: expected expression before 'int'
   26 |   c23_int_alignment = alignof (int),
      |                                ^~~
conftest.c:27:38: error: expected expression before 'int'
   27 |   c23_int_array_alignment = alignof (int[100]),
      |                                      ^~~
conftest.c:28:33: error: expected expression before 'char'
   28 |   c23_char_alignment = alignof (char)
      |                                 ^~~~
conftest.c:24:1: warning: empty declaration
   24 | enum
      | ^~~~
conftest.c:30:1: error: expected declaration specifiers before 'static_assert'
   30 | static_assert (0 < -alignof (int), "alignof is signed");
      | ^~~~~~~~~~~~~
conftest.c:32:43: error: expected '=', ',', ';', 'asm' or '__attribute__' before '{' token
   32 | int function_with_unnamed_parameter (int) { return 0; }
      |                                           ^
conftest.c:38:1: error: unknown type name 'bool'
   38 | bool use_u8 = (!sizeof u8"\xFF") == (!u8'x');
      | ^~~~
conftest.c:1:1: note: 'bool' is defined in header '<stdbool.h>'; this is probably fixable by adding '#include <stdbool.h>'
    1 | /* confdefs.h */
conftest.c:38:1: error: parameter 'use_u8' is initialized
   38 | bool use_u8 = (!sizeof u8"\xFF") == (!u8'x');
      | ^~~~
conftest.c:38:39: error: 'u8' undeclared (first use in this function)
   38 | bool use_u8 = (!sizeof u8"\xFF") == (!u8'x');
      |                                       ^~
conftest.c:38:39: note: each undeclared identifier is reported only once for each function it appears in
conftest.c:38:41: error: expected ')' before 'x'
   38 | bool use_u8 = (!sizeof u8"\xFF") == (!u8'x');
      |                                     ~   ^~~
      |                                         )
conftest.c:40:1: error: unknown type name 'bool'
   40 | bool check_that_bool_works = true | false | !nullptr;
      | ^~~~
conftest.c:40:1: note: 'bool' is defined in header '<stdbool.h>'; this is probably fixable by adding '#include <stdbool.h>'
conftest.c:40:1: error: parameter 'check_that_bool_works' is initialized
conftest.c:40:30: error: 'true' undeclared (first use in this function)
   40 | bool check_that_bool_works = true | false | !nullptr;
      |                              ^~~~
conftest.c:40:30: note: 'true' is defined in header '<stdbool.h>'; this is probably fixable by adding '#include <stdbool.h>'
conftest.c:40:37: error: 'false' undeclared (first use in this function)
   40 | bool check_that_bool_works = true | false | !nullptr;
      |                                     ^~~~~
conftest.c:40:37: note: 'false' is defined in header '<stdbool.h>'; this is probably fixable by adding '#include <stdbool.h>'
conftest.c:40:46: error: 'nullptr' undeclared (first use in this function); did you mean 'nullptr_t'?
   40 | bool check_that_bool_works = true | false | !nullptr;
      |                                              ^~~~~~~
      |                                              nullptr_t
conftest.c:42:3: error: #error "true does not work in #if"
   42 | # error "true does not work in #if"
      |   ^~~~~
conftest.c:61:1: error: expected declaration specifiers before 'static_assert'
   61 | static_assert (VA_OPT_TEST (LPAREN (), 0, <:-) == 42);
      | ^~~~~~~~~~~~~
conftest.c:63:1: error: expected declaration specifiers before 'static_assert'
   63 | static_assert (0b101010 == 42);
      | ^~~~~~~~~~~~~
conftest.c:64:1: error: expected declaration specifiers before 'static_assert'
   64 | static_assert (0B101010 == 42);
      | ^~~~~~~~~~~~~
conftest.c:65:1: error: expected declaration specifiers before 'static_assert'
   65 | static_assert (0xDEAD'BEEF == 3'735'928'559);
      | ^~~~~~~~~~~~~
conftest.c:65:22: warning: multi-character literal with 9 characters exceeds 'int' size of 4 bytes
   65 | static_assert (0xDEAD'BEEF == 3'735'928'559);
      |                      ^~~~~~~~~~~
conftest.c:65:36: warning: multi-character character constant [-Wmultichar]
   65 | static_assert (0xDEAD'BEEF == 3'735'928'559);
      |                                    ^~~~~
conftest.c:66:1: error: expected declaration specifiers before 'static_assert'
   66 | static_assert (0.500'000'000 == 0.5);
      | ^~~~~~~~~~~~~
conftest.c:66:21: warning: multi-character character constant [-Wmultichar]
   66 | static_assert (0.500'000'000 == 0.5);
      |                     ^~~~~
conftest.c:68:1: warning: empty declaration
   68 | enum unsignedish : unsigned int { uione = 1 };
      | ^~~~
conftest.c:69:1: error: expected declaration specifiers before 'static_assert'
   69 | static_assert (0 < -uione);
      | ^~~~~~~~~~~~~
In file included from conftest.c:71:
/usr/lib/gcc/x86_64-pc-linux-gnu/14.4.0/include/stddef.h:160:26: error: storage class specified for parameter 'ptrdiff_t'
  160 | typedef __PTRDIFF_TYPE__ ptrdiff_t;
      |                          ^~~~~~~~~
/usr/lib/gcc/x86_64-pc-linux-gnu/14.4.0/include/stddef.h:229:23: error: storage class specified for parameter 'size_t'
  229 | typedef __SIZE_TYPE__ size_t;
      |                       ^~~~~~
/usr/lib/gcc/x86_64-pc-linux-gnu/14.4.0/include/stddef.h:344:24: error: storage class specified for parameter 'wchar_t'
  344 | typedef __WCHAR_TYPE__ wchar_t;
      |                        ^~~~~~~
/usr/lib/gcc/x86_64-pc-linux-gnu/14.4.0/include/stddef.h:451:3: error: storage class specified for parameter 'max_align_t'
  451 | } max_align_t;
      |   ^~~~~~~~~~~
conftest.c:72:1: error: unknown type name 'constexpr'
   72 | constexpr nullptr_t null_pointer = nullptr;
      | ^~~~~~~~~
conftest.c:72:21: error: expected '=', ',', ';', 'asm' or '__attribute__' before 'null_pointer'
   72 | constexpr nullptr_t null_pointer = nullptr;
      |                     ^~~~~~~~~~~~
conftest.c:74:31: error: expected '=', ',', ';', 'asm' or '__attribute__' before '{' token
   74 | static typeof (1 + 1L) two () { return 2; }
      |                               ^
conftest.c:75:26: error: expected '=', ',', ';', 'asm' or '__attribute__' before '{' token
   75 | static long int three () { return 3; }
      |                          ^
conftest.c:80:1: error: expected '=', ',', ';', 'asm' or '__attribute__' before '{' token
   80 | {
      | ^
conftest.c:18:6: error: old-style parameter declarations in prototyped function definition
   18 | char alignas (double) c23_aligned_as_double;
      |      ^~~~~~~
conftest.c:98: error: expected '{' at end of input
configure:4486: $? = 1
configure: failed program was:
| /* confdefs.h */
| #define PACKAGE_NAME "Hackedbox"
| #define PACKAGE_TARNAME "hackedbox"
| #define PACKAGE_VERSION "0.8.8"
| #define PACKAGE_STRING "Hackedbox 0.8.8"
| #define PACKAGE_BUGREPORT ""
| #define PACKAGE_URL ""
| /* end confdefs.h.  */
| 
| /* Does the compiler advertise conformance to C17 or earlier?
|    Although GCC 14 does not do that, even with -std=gnu23,
|    it is close enough, and defines __STDC_VERSION == 202000L.  */
| #if !defined __STDC_VERSION__ || __STDC_VERSION__ <= 201710L
| # error "Compiler advertises conformance to C17 or earlier"
| #endif
| 
| // Check alignas.
| char alignas (double) c23_aligned_as_double;
| char alignas (0) c23_no_special_alignment;
| extern char c23_aligned_as_int;
| char alignas (0) alignas (int) c23_aligned_as_int;
| 
| // Check alignof.
| enum
| {
|   c23_int_alignment = alignof (int),
|   c23_int_array_alignment = alignof (int[100]),
|   c23_char_alignment = alignof (char)
| };
| static_assert (0 < -alignof (int), "alignof is signed");
| 
| int function_with_unnamed_parameter (int) { return 0; }
| 
| void c23_noreturn ();
| 
| /* Test parsing of string and char UTF-8 literals (including hex escapes).
|    The parens pacify GCC 15.  */
| bool use_u8 = (!sizeof u8"\xFF") == (!u8'x');
| 
| bool check_that_bool_works = true | false | !nullptr;
| #if !true
| # error "true does not work in #if"
| #endif
| #if false
| #elifdef __STDC_VERSION__
| #else
| # error "#elifdef does not work"
| #endif
| 
| #ifndef __has_c_attribute
| # error "__has_c_attribute not defined"
| #endif
| 
| #ifndef __has_include
| # error "__has_include not defined"
| #endif
| 
| #define LPAREN() (
| #define FORTY_TWO(x) 42
| #define VA_OPT_TEST(r, x, ...) __VA_OPT__ (FORTY_TWO r x))
| static_assert (VA_OPT_TEST (LPAREN (), 0, <:-) == 42);
| 
| static_assert (0b101010 == 42);
| static_assert (0B101010 == 42);
| static_assert (0xDEAD'BEEF == 3'735'928'559);
| static_assert (0.500'000'000 == 0.5);
| 
| enum unsignedish : unsigned int { uione = 1 };
| static_assert (0 < -uione);
| 
| #include <stddef.h>
| constexpr nullptr_t null_pointer = nullptr;
| 
| static typeof (1 + 1L) two () { return 2; }
| static long int three () { return 3; }
| 
| 
| int
| main (int, char **)
| {
|   int ok = 0;
|   
|   {
|     label_before_declaration:
|       int arr[10] = {};
|       if (arr[0])
|         goto label_before_declaration;
|       if (!arr[0])
|         goto label_at_end_of_block;
|     label_at_end_of_block:
|   }
|   ok |= !null_pointer;
|   ok |= two != three;
| 
|   return ok;
| }
| 
configure:4486: gcc -std=gnu23 -c -g -O2  conftest.c >&5
configure:4486: $? = 0
configure:4508: result: -std=gnu23
configure:4678: checking whether gcc -std=gnu23 understands -c and -o together
configure:4701: gcc -std=gnu23 -c conftest.c -o conftest2.o
configure:4704: $? = 0
configure:4701: gcc -std=gnu23 -c conftest.c -o conftest2.o
configure:4704: $? = 0
configure:4720: result: yes
configure:4740: checking whether make supports the include directive
configure:4755: make -f confmf.GNU && cat confinc.out
this is the am__doit target
configure:4758: $? = 0
configure:4777: result: yes (GNU style)
configure:4803: checking dependency style of gcc -std=gnu23
configure:4916: result: none
configure:4995: checking for g++
configure:5016: found /usr/bin/g++
configure:5028: result: g++
configure:5055: checking for C++ compiler version
configure:5064: g++ --version >&5
g++ (CRUX-x86_64-multilib) 14.4.0
Copyright (C) 2024 Free Software Foundation, Inc.
This is free software; see the source for copying conditions.  There is NO
warranty; not even for MERCHANTABILITY or FITNESS FOR A PARTICULAR PURPOSE.

configure:5075: $? = 0
configure:5064: g++ -v >&5
Using built-in specs.
COLLECT_GCC=g++
COLLECT_LTO_WRAPPER=/usr/lib/gcc/x86_64-pc-linux-gnu/14.4.0/lto-wrapper
Target: x86_64-pc-linux-gnu
Configured with: ../gcc-14.4.0/configure --prefix=/usr --libexecdir=/usr/lib --enable-threads=posix --with-build-config=bootstrap-lto-lean --with-linker-hash-style=gnu --with-system-zlib --enable-languages=c,c++,lto --enable-stage1-languages=c,lto --enable-link-serialization=1 --enable-linker-build-id --enable-gnu-indirect-function --enable-__cxa_atexit --enable-clocale=gnu --enable-shared --enable-lto --enable-multilib --enable-plugin --enable-default-pie --enable-default-ssp --enable-host-pie --with-pkgversion=CRUX-x86_64-multilib --with-x=no --disable-fixincludes --disable-nls
Thread model: posix
Supported LTO compression algorithms: zlib zstd
gcc version 14.4.0 (CRUX-x86_64-multilib) 
configure:5075: $? = 0
configure:5064: g++ -V >&5
g++: error: unrecognized command-line option '-V'
g++: fatal error: no input files
compilation terminated.
configure:5075: $? = 1
configure:5064: g++ -qversion >&5
g++: error: unrecognized command-line option '-qversion'; did you mean '--version'?
g++: fatal error: no input files
compilation terminated.
configure:5075: $? = 1
configure:5079: checking whether the compiler supports GNU C++
configure:5099: g++ -c   conftest.cpp >&5
configure:5099: $? = 0
configure:5111: result: yes
configure:5122: checking whether g++ accepts -g
configure:5143: g++ -c -g  conftest.cpp >&5
configure:5143: $? = 0
configure:5190: result: yes
configure:5215: checking dependency style of g++
configure:5328: result: none
configure:5392: checking for ranlib
configure:5413: found /usr/bin/ranlib
configure:5425: result: ranlib
configure:5453: checking for sed
configure:5474: found /bin/sed
configure:5486: result: sed
configure:5506: checking for stdio.h
configure:5506: gcc -std=gnu23 -c -g -O2  conftest.c >&5
configure:5506: $? = 0
configure:5506: result: yes
configure:5506: checking for stdlib.h
configure:5506: gcc -std=gnu23 -c -g -O2  conftest.c >&5
configure:5506: $? = 0
configure:5506: result: yes
configure:5506: checking for string.h
configure:5506: gcc -std=gnu23 -c -g -O2  conftest.c >&5
configure:5506: $? = 0
configure:5506: result: yes
configure:5506: checking for inttypes.h
configure:5506: gcc -std=gnu23 -c -g -O2  conftest.c >&5
configure:5506: $? = 0
configure:5506: result: yes
configure:5506: checking for stdint.h
configure:5506: gcc -std=gnu23 -c -g -O2  conftest.c >&5
configure:5506: $? = 0
configure:5506: result: yes
configure:5506: checking for strings.h
configure:5506: gcc -std=gnu23 -c -g -O2  conftest.c >&5
configure:5506: $? = 0
configure:5506: result: yes
configure:5506: checking for sys/stat.h
configure:5506: gcc -std=gnu23 -c -g -O2  conftest.c >&5
configure:5506: $? = 0
configure:5506: result: yes
configure:5506: checking for sys/types.h
configure:5506: gcc -std=gnu23 -c -g -O2  conftest.c >&5
configure:5506: $? = 0
configure:5506: result: yes
configure:5506: checking for unistd.h
configure:5506: gcc -std=gnu23 -c -g -O2  conftest.c >&5
configure:5506: $? = 0
configure:5506: result: yes
configure:5531: checking for ctype.h
configure:5531: gcc -std=gnu23 -c -g -O2  conftest.c >&5
configure:5531: $? = 0
configure:5531: result: yes
configure:5537: checking for dirent.h
configure:5537: gcc -std=gnu23 -c -g -O2  conftest.c >&5
configure:5537: $? = 0
configure:5537: result: yes
configure:5543: checking for fcntl.h
configure:5543: gcc -std=gnu23 -c -g -O2  conftest.c >&5
configure:5543: $? = 0
configure:5543: result: yes
configure:5549: checking for libgen.h
configure:5549: gcc -std=gnu23 -c -g -O2  conftest.c >&5
configure:5549: $? = 0
configure:5549: result: yes
configure:5555: checking for locale.h
configure:5555: gcc -std=gnu23 -c -g -O2  conftest.c >&5
configure:5555: $? = 0
configure:5555: result: yes
configure:5561: checking for nl_types.h
configure:5561: gcc -std=gnu23 -c -g -O2  conftest.c >&5
configure:5561: $? = 0
configure:5561: result: yes
configure:5567: checking for process.h
configure:5567: gcc -std=gnu23 -c -g -O2  conftest.c >&5
conftest.c:53:10: fatal error: process.h: No such file or directory
   53 | #include <process.h>
      |          ^~~~~~~~~~~
compilation terminated.
configure:5567: $? = 1
configure: failed program was:
| /* confdefs.h */
| #define PACKAGE_NAME "Hackedbox"
| #define PACKAGE_TARNAME "hackedbox"
| #define PACKAGE_VERSION "0.8.8"
| #define PACKAGE_STRING "Hackedbox 0.8.8"
| #define PACKAGE_BUGREPORT ""
| #define PACKAGE_URL ""
| #define HAVE_STDIO_H 1
| #define HAVE_STDLIB_H 1
| #define HAVE_STRING_H 1
| #define HAVE_INTTYPES_H 1
| #define HAVE_STDINT_H 1
| #define HAVE_STRINGS_H 1
| #define HAVE_SYS_STAT_H 1
| #define HAVE_SYS_TYPES_H 1
| #define HAVE_UNISTD_H 1
| #define STDC_HEADERS 1
| #define HAVE_CTYPE_H 1
| #define HAVE_DIRENT_H 1
| #define HAVE_FCNTL_H 1
| #define HAVE_LIBGEN_H 1
| #define HAVE_LOCALE_H 1
| #define HAVE_NL_TYPES_H 1
| /* end confdefs.h.  */
| #include <stddef.h>
| #ifdef HAVE_STDIO_H
| # include <stdio.h>
| #endif
| #ifdef HAVE_STDLIB_H
| # include <stdlib.h>
| #endif
| #ifdef HAVE_STRING_H
| # include <string.h>
| #endif
| #ifdef HAVE_INTTYPES_H
| # include <inttypes.h>
| #endif
| #ifdef HAVE_STDINT_H
| # include <stdint.h>
| #endif
| #ifdef HAVE_STRINGS_H
| # include <strings.h>
| #endif
| #ifdef HAVE_SYS_TYPES_H
| # include <sys/types.h>
| #endif
| #ifdef HAVE_SYS_STAT_H
| # include <sys/stat.h>
| #endif
| #ifdef HAVE_UNISTD_H
| # include <unistd.h>
| #endif
| #include <process.h>
configure:5567: result: no
configure:5573: checking for signal.h
configure:5573: gcc -std=gnu23 -c -g -O2  conftest.c >&5
configure:5573: $? = 0
configure:5573: result: yes
configure:5579: checking for stdarg.h
configure:5579: gcc -std=gnu23 -c -g -O2  conftest.c >&5
configure:5579: $? = 0
configure:5579: result: yes
configure:5585: checking for stdio.h
configure:5585: result: yes
configure:5591: checking for stdlib.h
configure:5591: result: yes
configure:5597: checking for string.h
configure:5597: result: yes
configure:5603: checking for time.h
configure:5603: gcc -std=gnu23 -c -g -O2  conftest.c >&5
configure:5603: $? = 0
configure:5603: result: yes
configure:5609: checking for unistd.h
configure:5609: result: yes
configure:5615: checking for sys/param.h
configure:5615: gcc -std=gnu23 -c -g -O2  conftest.c >&5
configure:5615: $? = 0
configure:5615: result: yes
configure:5621: checking for sys/select.h
configure:5621: gcc -std=gnu23 -c -g -O2  conftest.c >&5
configure:5621: $? = 0
configure:5621: result: yes
configure:5627: checking for sys/signal.h
configure:5627: gcc -std=gnu23 -c -g -O2  conftest.c >&5
configure:5627: $? = 0
configure:5627: result: yes
configure:5633: checking for sys/stat.h
configure:5633: result: yes
configure:5639: checking for sys/time.h
configure:5639: gcc -std=gnu23 -c -g -O2  conftest.c >&5
configure:5639: $? = 0
configure:5639: result: yes
configure:5645: checking for sys/types.h
configure:5645: result: yes
configure:5651: checking for sys/wait.h
configure:5651: gcc -std=gnu23 -c -g -O2  conftest.c >&5
configure:5651: $? = 0
configure:5651: result: yes
configure:5659: checking for basename
configure:5659: gcc -std=gnu23 -o conftest -g -O2   conftest.c  >&5
configure:5659: $? = 0
configure:5659: result: yes
configure:5665: checking for getpid
configure:5665: gcc -std=gnu23 -o conftest -g -O2   conftest.c  >&5
configure:5665: $? = 0
configure:5665: result: yes
configure:5671: checking for setlocale
configure:5671: gcc -std=gnu23 -o conftest -g -O2   conftest.c  >&5
configure:5671: $? = 0
configure:5671: result: yes
configure:5677: checking for sigaction
configure:5677: gcc -std=gnu23 -o conftest -g -O2   conftest.c  >&5
configure:5677: $? = 0
configure:5677: result: yes
configure:5683: checking for strftime
configure:5683: gcc -std=gnu23 -o conftest -g -O2   conftest.c  >&5
conftest.c:59:6: warning: conflicting types for built-in function 'strftime'; expected 'long unsigned int(char *, long unsigned int,  const char *, const void *)' [-Wbuiltin-declaration-mismatch]
   59 | char strftime (void);
      |      ^~~~~~~~
conftest.c:51:1: note: 'strftime' is declared in header '<time.h>'
   50 | #include <limits.h>
   51 | #undef strftime
configure:5683: $? = 0
configure:5683: result: yes
configure:5689: checking for strcasestr
configure:5689: gcc -std=gnu23 -o conftest -g -O2   conftest.c  >&5
configure:5689: $? = 0
configure:5689: result: yes
configure:5695: checking for snprintf
configure:5695: gcc -std=gnu23 -o conftest -g -O2   conftest.c  >&5
conftest.c:61:6: warning: conflicting types for built-in function 'snprintf'; expected 'int(char *, long unsigned int,  const char *, ...)' [-Wbuiltin-declaration-mismatch]
   61 | char snprintf (void);
      |      ^~~~~~~~
conftest.c:53:1: note: 'snprintf' is declared in header '<stdio.h>'
   52 | #include <limits.h>
   53 | #undef snprintf
configure:5695: $? = 0
configure:5695: result: yes
configure:5701: checking for vsnprintf
configure:5701: gcc -std=gnu23 -o conftest -g -O2   conftest.c  >&5
conftest.c:62:6: warning: conflicting types for built-in function 'vsnprintf'; expected 'int(char *, long unsigned int,  const char *, __va_list_tag *)' [-Wbuiltin-declaration-mismatch]
   62 | char vsnprintf (void);
      |      ^~~~~~~~~
conftest.c:54:1: note: 'vsnprintf' is declared in header '<stdio.h>'
   53 | #include <limits.h>
   54 | #undef vsnprintf
configure:5701: $? = 0
configure:5701: result: yes
configure:5707: checking for catopen
configure:5707: gcc -std=gnu23 -o conftest -g -O2   conftest.c  >&5
configure:5707: $? = 0
configure:5707: result: yes
configure:5713: checking for catgets
configure:5713: gcc -std=gnu23 -o conftest -g -O2   conftest.c  >&5
configure:5713: $? = 0
configure:5713: result: yes
configure:5719: checking for catclose
configure:5719: gcc -std=gnu23 -o conftest -g -O2   conftest.c  >&5
configure:5719: $? = 0
configure:5719: result: yes
configure:5727: checking for basename in -lgen
configure:5756: gcc -std=gnu23 -o conftest -g -O2   conftest.c -lgen   >&5
/usr/bin/ld: cannot find -lgen: No such file or directory
collect2: error: ld returned 1 exit status
configure:5756: $? = 1
configure: failed program was:
| /* confdefs.h */
| #define PACKAGE_NAME "Hackedbox"
| #define PACKAGE_TARNAME "hackedbox"
| #define PACKAGE_VERSION "0.8.8"
| #define PACKAGE_STRING "Hackedbox 0.8.8"
| #define PACKAGE_BUGREPORT ""
| #define PACKAGE_URL ""
| #define HAVE_STDIO_H 1
| #define HAVE_STDLIB_H 1
| #define HAVE_STRING_H 1
| #define HAVE_INTTYPES_H 1
| #define HAVE_STDINT_H 1
| #define HAVE_STRINGS_H 1
| #define HAVE_SYS_STAT_H 1
| #define HAVE_SYS_TYPES_H 1
| #define HAVE_UNISTD_H 1
| #define STDC_HEADERS 1
| #define HAVE_CTYPE_H 1
| #define HAVE_DIRENT_H 1
| #define HAVE_FCNTL_H 1
| #define HAVE_LIBGEN_H 1
| #define HAVE_LOCALE_H 1
| #define HAVE_NL_TYPES_H 1
| #define HAVE_SIGNAL_H 1
| #define HAVE_STDARG_H 1
| #define HAVE_STDIO_H 1
| #define HAVE_STDLIB_H 1
| #define HAVE_STRING_H 1
| #define HAVE_TIME_H 1
| #define HAVE_UNISTD_H 1
| #define HAVE_SYS_PARAM_H 1
| #define HAVE_SYS_SELECT_H 1
| #define HAVE_SYS_SIGNAL_H 1
| #define HAVE_SYS_STAT_H 1
| #define HAVE_SYS_TIME_H 1
| #define HAVE_SYS_TYPES_H 1
| #define HAVE_SYS_WAIT_H 1
| #define HAVE_BASENAME 1
| #define HAVE_GETPID 1
| #define HAVE_SETLOCALE 1
| #define HAVE_SIGACTION 1
| #define HAVE_STRFTIME 1
| #define HAVE_STRCASESTR 1
| #define HAVE_SNPRINTF 1
| #define HAVE_VSNPRINTF 1
| #define HAVE_CATOPEN 1
| #define HAVE_CATGETS 1
| #define HAVE_CATCLOSE 1
| /* end confdefs.h.  */
| 
| /* Override any GCC internal prototype to avoid an error.
|    Use char because int might match the return type of a GCC
|    builtin and then its argument prototype would still apply.
|    The 'extern "C"' is for builds by C++ compilers;
|    although this is not generally supported in C code supporting it here
|    has little cost and some practical benefit (sr 110532).  */
| #ifdef __cplusplus
| extern "C"
| #endif
| char basename (void);
| int
| main (void)
| {
| return basename ();
|   ;
|   return 0;
| }
configure:5768: result: no
configure:5782: checking for t_open in -lnsl
configure:5811: gcc -std=gnu23 -o conftest -g -O2   conftest.c -lnsl   >&5
/usr/bin/ld: /tmp/ccAuYLwC.o: in function `main':
/home/blame/Projects/hackedbox/conftest.c:64:(.text.startup+0x5): undefined reference to `t_open'
collect2: error: ld returned 1 exit status
configure:5811: $? = 1
configure: failed program was:
| /* confdefs.h */
| #define PACKAGE_NAME "Hackedbox"
| #define PACKAGE_TARNAME "hackedbox"
| #define PACKAGE_VERSION "0.8.8"
| #define PACKAGE_STRING "Hackedbox 0.8.8"
| #define PACKAGE_BUGREPORT ""
| #define PACKAGE_URL ""
| #define HAVE_STDIO_H 1
| #define HAVE_STDLIB_H 1
| #define HAVE_STRING_H 1
| #define HAVE_INTTYPES_H 1
| #define HAVE_STDINT_H 1
| #define HAVE_STRINGS_H 1
| #define HAVE_SYS_STAT_H 1
| #define HAVE_SYS_TYPES_H 1
| #define HAVE_UNISTD_H 1
| #define STDC_HEADERS 1
| #define HAVE_CTYPE_H 1
| #define HAVE_DIRENT_H 1
| #define HAVE_FCNTL_H 1
| #define HAVE_LIBGEN_H 1
| #define HAVE_LOCALE_H 1
| #define HAVE_NL_TYPES_H 1
| #define HAVE_SIGNAL_H 1
| #define HAVE_STDARG_H 1
| #define HAVE_STDIO_H 1
| #define HAVE_STDLIB_H 1
| #define HAVE_STRING_H 1
| #define HAVE_TIME_H 1
| #define HAVE_UNISTD_H 1
| #define HAVE_SYS_PARAM_H 1
| #define HAVE_SYS_SELECT_H 1
| #define HAVE_SYS_SIGNAL_H 1
| #define HAVE_SYS_STAT_H 1
| #define HAVE_SYS_TIME_H 1
| #define HAVE_SYS_TYPES_H 1
| #define HAVE_SYS_WAIT_H 1
| #define HAVE_BASENAME 1
| #define HAVE_GETPID 1
| #define HAVE_SETLOCALE 1
| #define HAVE_SIGACTION 1
| #define HAVE_STRFTIME 1
| #define HAVE_STRCASESTR 1
| #define HAVE_SNPRINTF 1
| #define HAVE_VSNPRINTF 1
| #define HAVE_CATOPEN 1
| #define HAVE_CATGETS 1
| #define HAVE_CATCLOSE 1
| /* end confdefs.h.  */
| 
| /* Override any GCC internal prototype to avoid an error.
|    Use char because int might match the return type of a GCC
|    builtin and then its argument prototype would still apply.
|    The 'extern "C"' is for builds by C++ compilers;
|    although this is not generally supported in C code supporting it here
|    has little cost and some practical benefit (sr 110532).  */
| #ifdef __cplusplus
| extern "C"
| #endif
| char t_open (void);
| int
| main (void)
| {
| return t_open ();
|   ;
|   return 0;
| }
configure:5823: result: no
configure:5830: checking for socket in -lsocket
configure:5859: gcc -std=gnu23 -o conftest -g -O2   conftest.c -lsocket   >&5
/usr/bin/ld: cannot find -lsocket: No such file or directory
collect2: error: ld returned 1 exit status
configure:5859: $? = 1
configure: failed program was:
| /* confdefs.h */
| #define PACKAGE_NAME "Hackedbox"
| #define PACKAGE_TARNAME "hackedbox"
| #define PACKAGE_VERSION "0.8.8"
| #define PACKAGE_STRING "Hackedbox 0.8.8"
| #define PACKAGE_BUGREPORT ""
| #define PACKAGE_URL ""
| #define HAVE_STDIO_H 1
| #define HAVE_STDLIB_H 1
| #define HAVE_STRING_H 1
| #define HAVE_INTTYPES_H 1
| #define HAVE_STDINT_H 1
| #define HAVE_STRINGS_H 1
| #define HAVE_SYS_STAT_H 1
| #define HAVE_SYS_TYPES_H 1
| #define HAVE_UNISTD_H 1
| #define STDC_HEADERS 1
| #define HAVE_CTYPE_H 1
| #define HAVE_DIRENT_H 1
| #define HAVE_FCNTL_H 1
| #define HAVE_LIBGEN_H 1
| #define HAVE_LOCALE_H 1
| #define HAVE_NL_TYPES_H 1
| #define HAVE_SIGNAL_H 1
| #define HAVE_STDARG_H 1
| #define HAVE_STDIO_H 1
| #define HAVE_STDLIB_H 1
| #define HAVE_STRING_H 1
| #define HAVE_TIME_H 1
| #define HAVE_UNISTD_H 1
| #define HAVE_SYS_PARAM_H 1
| #define HAVE_SYS_SELECT_H 1
| #define HAVE_SYS_SIGNAL_H 1
| #define HAVE_SYS_STAT_H 1
| #define HAVE_SYS_TIME_H 1
| #define HAVE_SYS_TYPES_H 1
| #define HAVE_SYS_WAIT_H 1
| #define HAVE_BASENAME 1
| #define HAVE_GETPID 1
| #define HAVE_SETLOCALE 1
| #define HAVE_SIGACTION 1
| #define HAVE_STRFTIME 1
| #define HAVE_STRCASESTR 1
| #define HAVE_SNPRINTF 1
| #define HAVE_VSNPRINTF 1
| #define HAVE_CATOPEN 1
| #define HAVE_CATGETS 1
| #define HAVE_CATCLOSE 1
| /* end confdefs.h.  */
| 
| /* Override any GCC internal prototype to avoid an error.
|    Use char because int might match the return type of a GCC
|    builtin and then its argument prototype would still apply.
|    The 'extern "C"' is for builds by C++ compilers;
|    although this is not generally supported in C code supporting it here
|    has little cost and some practical benefit (sr 110532).  */
| #ifdef __cplusplus
| extern "C"
| #endif
| char socket (void);
| int
| main (void)
| {
| return socket ();
|   ;
|   return 0;
| }
configure:5871: result: no
configure:5884: checking how to run the C preprocessor
configure:5910: gcc -std=gnu23 -E  conftest.c
configure:5910: $? = 0
configure:5926: gcc -std=gnu23 -E  conftest.c
conftest.c:50:10: fatal error: ac_nonexistent.h: No such file or directory
   50 | #include <ac_nonexistent.h>
      |          ^~~~~~~~~~~~~~~~~~
compilation terminated.
configure:5926: $? = 1
configure: failed program was:
| /* confdefs.h */
| #define PACKAGE_NAME "Hackedbox"
| #define PACKAGE_TARNAME "hackedbox"
| #define PACKAGE_VERSION "0.8.8"
| #define PACKAGE_STRING "Hackedbox 0.8.8"
| #define PACKAGE_BUGREPORT ""
| #define PACKAGE_URL ""
| #define HAVE_STDIO_H 1
| #define HAVE_STDLIB_H 1
| #define HAVE_STRING_H 1
| #define HAVE_INTTYPES_H 1
| #define HAVE_STDINT_H 1
| #define HAVE_STRINGS_H 1
| #define HAVE_SYS_STAT_H 1
| #define HAVE_SYS_TYPES_H 1
| #define HAVE_UNISTD_H 1
| #define STDC_HEADERS 1
| #define HAVE_CTYPE_H 1
| #define HAVE_DIRENT_H 1
| #define HAVE_FCNTL_H 1
| #define HAVE_LIBGEN_H 1
| #define HAVE_LOCALE_H 1
| #define HAVE_NL_TYPES_H 1
| #define HAVE_SIGNAL_H 1
| #define HAVE_STDARG_H 1
| #define HAVE_STDIO_H 1
| #define HAVE_STDLIB_H 1
| #define HAVE_STRING_H 1
| #define HAVE_TIME_H 1
| #define HAVE_UNISTD_H 1
| #define HAVE_SYS_PARAM_H 1
| #define HAVE_SYS_SELECT_H 1
| #define HAVE_SYS_SIGNAL_H 1
| #define HAVE_SYS_STAT_H 1
| #define HAVE_SYS_TIME_H 1
| #define HAVE_SYS_TYPES_H 1
| #define HAVE_SYS_WAIT_H 1
| #define HAVE_BASENAME 1
| #define HAVE_GETPID 1
| #define HAVE_SETLOCALE 1
| #define HAVE_SIGACTION 1
| #define HAVE_STRFTIME 1
| #define HAVE_STRCASESTR 1
| #define HAVE_SNPRINTF 1
| #define HAVE_VSNPRINTF 1
| #define HAVE_CATOPEN 1
| #define HAVE_CATGETS 1
| #define HAVE_CATCLOSE 1
| /* end confdefs.h.  */
| #include <ac_nonexistent.h>
configure:5955: result: gcc -std=gnu23 -E
configure:5969: gcc -std=gnu23 -E  conftest.c
configure:5969: $? = 0
configure:5985: gcc -std=gnu23 -E  conftest.c
conftest.c:50:10: fatal error: ac_nonexistent.h: No such file or directory
   50 | #include <ac_nonexistent.h>
      |          ^~~~~~~~~~~~~~~~~~
compilation terminated.
configure:5985: $? = 1
configure: failed program was:
| /* confdefs.h */
| #define PACKAGE_NAME "Hackedbox"
| #define PACKAGE_TARNAME "hackedbox"
| #define PACKAGE_VERSION "0.8.8"
| #define PACKAGE_STRING "Hackedbox 0.8.8"
| #define PACKAGE_BUGREPORT ""
| #define PACKAGE_URL ""
| #define HAVE_STDIO_H 1
| #define HAVE_STDLIB_H 1
| #define HAVE_STRING_H 1
| #define HAVE_INTTYPES_H 1
| #define HAVE_STDINT_H 1
| #define HAVE_STRINGS_H 1
| #define HAVE_SYS_STAT_H 1
| #define HAVE_SYS_TYPES_H 1
| #define HAVE_UNISTD_H 1
| #define STDC_HEADERS 1
| #define HAVE_CTYPE_H 1
| #define HAVE_DIRENT_H 1
| #define HAVE_FCNTL_H 1
| #define HAVE_LIBGEN_H 1
| #define HAVE_LOCALE_H 1
| #define HAVE_NL_TYPES_H 1
| #define HAVE_SIGNAL_H 1
| #define HAVE_STDARG_H 1
| #define HAVE_STDIO_H 1
| #define HAVE_STDLIB_H 1
| #define HAVE_STRING_H 1
| #define HAVE_TIME_H 1
| #define HAVE_UNISTD_H 1
| #define HAVE_SYS_PARAM_H 1
| #define HAVE_SYS_SELECT_H 1
| #define HAVE_SYS_SIGNAL_H 1
| #define HAVE_SYS_STAT_H 1
| #define HAVE_SYS_TIME_H 1
| #define HAVE_SYS_TYPES_H 1
| #define HAVE_SYS_WAIT_H 1
| #define HAVE_BASENAME 1
| #define HAVE_GETPID 1
| #define HAVE_SETLOCALE 1
| #define HAVE_SIGACTION 1
| #define HAVE_STRFTIME 1
| #define HAVE_STRCASESTR 1
| #define HAVE_SNPRINTF 1
| #define HAVE_VSNPRINTF 1
| #define HAVE_CATOPEN 1
| #define HAVE_CATGETS 1
| #define HAVE_CATCLOSE 1
| /* end confdefs.h.  */
| #include <ac_nonexistent.h>
configure:6018: checking for X
configure:6056: gcc -std=gnu23 -o conftest -g -O2   conftest.c -lX11  >&5
configure:6056: $? = 0
configure:6246: result: libraries , headers 
configure:6352: gcc -std=gnu23 -o conftest -g -O2   conftest.c   -lX11 >&5
configure:6352: $? = 0
configure:6468: checking for gethostbyname
configure:6468: gcc -std=gnu23 -o conftest -g -O2   conftest.c  >&5
configure:6468: $? = 0
configure:6468: result: yes
configure:6582: checking for connect
configure:6582: gcc -std=gnu23 -o conftest -g -O2   conftest.c  >&5
configure:6582: $? = 0
configure:6582: result: yes
configure:6640: checking for remove
configure:6640: gcc -std=gnu23 -o conftest -g -O2   conftest.c  >&5
configure:6640: $? = 0
configure:6640: result: yes
configure:6698: checking for shmat
configure:6698: gcc -std=gnu23 -o conftest -g -O2   conftest.c  >&5
configure:6698: $? = 0
configure:6698: result: yes
configure:6765: checking for IceConnectionNumber in -lICE
configure:6794: gcc -std=gnu23 -o conftest -g -O2   conftest.c -lICE   >&5
configure:6794: $? = 0
configure:6806: result: yes
configure:6829: checking for GCC
configure:6834: result: yes
configure:6880: checking for XOpenDisplay in -lX11
configure:6909: gcc -std=gnu23 -o conftest -g -O2       -lSM -lICE conftest.c -lX11    >&5
configure:6909: $? = 0
configure:6921: result: yes
configure:6933: checking for XftFontOpenName in -lXft
configure:6962: gcc -std=gnu23 -o conftest -g -O2       -lSM -lICE conftest.c -lXft    -lX11 >&5
configure:6962: $? = 0
configure:6974: result: yes
configure:6992: checking whether to build support for the XShape extension

configure:7008: result: yes
configure:7011: checking for XShapeCombineShape in -lXext
configure:7040: gcc -std=gnu23 -o conftest -g -O2       -lSM -lICE conftest.c -lXext    -lX11 -lXft  >&5
configure:7040: $? = 0
configure:7052: result: yes
configure:7056: checking for X11/extensions/shape.h
    
configure:7082: gcc -std=gnu23 -o conftest -g -O2       -lSM -lICE conftest.c   -lX11 -lXft  >&5
configure:7082: $? = 0
configure:7085: result: yes
configure:7119: checking whether to include Pseudocolor ordered dithering code

configure:7140: result: no
configure:7152: checking whether to include verbose debugging code

configure:7183: result: no
configure:7196: checking whether to use the new timed pixmap cache

configure:7217: result: yes
configure:7228: checking whether to enable maintainer-specific portions of Makefiles
configure:7239: result: no
configure:7333: checking that generated files are newer than configure
configure:7339: result: done
configure:7390: creating ./config.status

## ---------------------- ##
## Running config.status. ##
## ---------------------- ##

This file was extended by Hackedbox config.status 0.8.8, which was
generated by GNU Autoconf 2.73.  Invocation command line was

  CONFIG_FILES    = 
  CONFIG_HEADERS  = 
  CONFIG_LINKS    = 
  CONFIG_COMMANDS = 
  $ ./config.status 

on Helix

config.status:895: creating Makefile
config.status:895: creating hbtk/Makefile
config.status:895: creating data/Makefile
config.status:895: creating data/menu
config.status:895: creating data/styles/Makefile
config.status:895: creating data/styles/Default
config.status:895: creating data/backgrounds/Makefile
config.status:895: creating doc/hackedbox.1
config.status:895: creating doc/Makefile
config.status:895: creating version.h
config.status:895: creating config.h
config.status:1124: executing depfiles commands
configure:8710: result: 
configure:8712: result: ***************************************************
configure:8714: result: 
configure:8716: result: hackedbox version 0.8.8 configured successfully.
configure:8718: result: 
configure:8720: result: Using '/usr' for installation.
configure:8722: result: Using 'g++' for C++ compiler.
configure:8724: result: Building with '-g -O2  -Wall -W -pedantic' for C++ compiler flags.
configure:8726: result: Building with '  -lX11 -lXft  -lXext' for linker flags.
configure:8728: result: 
configure:8730: result: ***************************************************

## ---------------- ##
## Cache variables. ##
## ---------------- ##

ac_cv_c_compiler_gnu='yes'
ac_cv_cxx_compiler_gnu='yes'
ac_cv_env_CCC_set=''
ac_cv_env_CCC_value=''
ac_cv_env_CC_set=''
ac_cv_env_CC_value=''
ac_cv_env_CFLAGS_set=''
ac_cv_env_CFLAGS_value=''
ac_cv_env_CPPFLAGS_set=''
ac_cv_env_CPPFLAGS_value=''
ac_cv_env_CPP_set=''
ac_cv_env_CPP_value=''
ac_cv_env_CXXFLAGS_set=''
ac_cv_env_CXXFLAGS_value=''
ac_cv_env_CXX_set=''
ac_cv_env_CXX_value=''
ac_cv_env_LDFLAGS_set=''
ac_cv_env_LDFLAGS_value=''
ac_cv_env_LIBS_set=''
ac_cv_env_LIBS_value=''
ac_cv_env_XMKMF_set=''
ac_cv_env_XMKMF_value=''
ac_cv_env_build_alias_set=''
ac_cv_env_build_alias_value=''
ac_cv_env_host_alias_set=''
ac_cv_env_host_alias_value=''
ac_cv_env_target_alias_set=''
ac_cv_env_target_alias_value=''
ac_cv_func_basename='yes'
ac_cv_func_catclose='yes'
ac_cv_func_catgets='yes'
ac_cv_func_catopen='yes'
ac_cv_func_connect='yes'
ac_cv_func_gethostbyname='yes'
ac_cv_func_getpid='yes'
ac_cv_func_remove='yes'
ac_cv_func_setlocale='yes'
ac_cv_func_shmat='yes'
ac_cv_func_sigaction='yes'
ac_cv_func_snprintf='yes'
ac_cv_func_strcasestr='yes'
ac_cv_func_strftime='yes'
ac_cv_func_vsnprintf='yes'
ac_cv_have_x='have_x=yes	ac_x_includes='"''"'	ac_x_libraries='"''"
ac_cv_header_ctype_h='yes'
ac_cv_header_dirent_h='yes'
ac_cv_header_fcntl_h='yes'
ac_cv_header_inttypes_h='yes'
ac_cv_header_libgen_h='yes'
ac_cv_header_locale_h='yes'
ac_cv_header_nl_types_h='yes'
ac_cv_header_process_h='no'
ac_cv_header_signal_h='yes'
ac_cv_header_stdarg_h='yes'
ac_cv_header_stdint_h='yes'
ac_cv_header_stdio_h='yes'
ac_cv_header_stdlib_h='yes'
ac_cv_header_string_h='yes'
ac_cv_header_strings_h='yes'
ac_cv_header_sys_param_h='yes'
ac_cv_header_sys_select_h='yes'
ac_cv_header_sys_signal_h='yes'
ac_cv_header_sys_stat_h='yes'
ac_cv_header_sys_time_h='yes'
ac_cv_header_sys_types_h='yes'
ac_cv_header_sys_wait_h='yes'
ac_cv_header_time_h='yes'
ac_cv_header_unistd_h='yes'
ac_cv_lib_ICE_IceConnectionNumber='yes'
ac_cv_lib_X11_XOpenDisplay='yes'
ac_cv_lib_Xext_XShapeCombineShape='yes'
ac_cv_lib_Xft_XftFontOpenName='yes'
ac_cv_lib_gen_basename='no'
ac_cv_lib_nsl_t_open='no'
ac_cv_lib_socket_socket='no'
ac_cv_objext='o'
ac_cv_path_install='/usr/bin/install -c'
ac_cv_path_mkdir='/bin/mkdir'
ac_cv_prog_AWK='gawk'
ac_cv_prog_CPP='gcc -std=gnu23 -E'
ac_cv_prog_ac_ct_CC='gcc'
ac_cv_prog_ac_ct_CXX='g++'
ac_cv_prog_ac_ct_RANLIB='ranlib'
ac_cv_prog_cc_c23='-std=gnu23'
ac_cv_prog_cc_g='yes'
ac_cv_prog_cc_stdc='-std=gnu23'
ac_cv_prog_cxx_g='yes'
ac_cv_prog_make_make_set='yes'
ac_cv_prog_regex_cmd='sed'
am_cv_CC_dependencies_compiler_type='none'
am_cv_CXX_dependencies_compiler_type='none'
am_cv_filesystem_timestamp_resolution='0.01'
am_cv_make_support_nested_variables='yes'
am_cv_prog_cc_c_o='yes'
am_cv_prog_tar_ustar='gnutar'
am_cv_sleep_fractional_seconds='yes'
am_cv_xargs_n_works='yes'

## ----------------- ##
## Output variables. ##
## ----------------- ##

ACLOCAL='${SHELL} '\''/home/blame/Projects/hackedbox/missing'\'' aclocal-1.18'
AMDEPBACKSLASH='\'
AMDEP_FALSE='#'
AMDEP_TRUE=''
AMTAR='$${TAR-tar}'
AM_BACKSLASH='\'
AM_DEFAULT_V='$(AM_DEFAULT_VERBOSITY)'
AM_DEFAULT_VERBOSITY='1'
AM_V='$(V)'
AUTOCONF='${SHELL} '\''/home/blame/Projects/hackedbox/missing'\'' autoconf'
AUTOHEADER='${SHELL} '\''/home/blame/Projects/hackedbox/missing'\'' autoheader'
AUTOMAKE='${SHELL} '\''/home/blame/Projects/hackedbox/missing'\'' automake-1.18'
AWK='gawk'
CC='gcc -std=gnu23'
CCDEPMODE='depmode=none'
CFLAGS='-g -O2 '
CPP='gcc -std=gnu23 -E'
CPPFLAGS=''
CSCOPE='cscope'
CTAGS='ctags'
CXX='g++'
CXXDEPMODE='depmode=none'
CXXFLAGS='-g -O2  -Wall -W -pedantic'
CYGPATH_W='echo'
DEBUG='-DNDEBUG'
DEFS='-DHAVE_CONFIG_H'
DEPDIR='.deps'
ECHO_C=''
ECHO_N='-n'
ECHO_T=''
ETAGS='etags'
EXEEXT=''
INSTALL_DATA='${INSTALL} -m 644'
INSTALL_PROGRAM='${INSTALL}'
INSTALL_SCRIPT='${INSTALL}'
INSTALL_STRIP_PROGRAM='$(install_sh) -c -s'
LDFLAGS='    -lSM -lICE'
LIBOBJS=''
LIBS='  -lX11 -lXft  -lXext'
LTLIBOBJS=''
MAINT='#'
MAINTAINER_MODE_FALSE=''
MAINTAINER_MODE_TRUE='#'
MAKEINFO='${SHELL} '\''/home/blame/Projects/hackedbox/missing'\'' makeinfo'
MKDIR_P='/bin/mkdir -p'
OBJEXT='o'
ORDEREDPSEUDO=''
PACKAGE='hackedbox'
PACKAGE_BUGREPORT=''
PACKAGE_NAME='Hackedbox'
PACKAGE_STRING='Hackedbox 0.8.8'
PACKAGE_TARNAME='hackedbox'
PACKAGE_URL=''
PACKAGE_VERSION='0.8.8'
PATH_SEPARATOR=':'
RANLIB='ranlib'
SET_MAKE=''
SHAPE='-DSHAPE'
SHELL='/bin/sh'
STRIP=''
TIMEDCACHE='-DTIMEDCACHE'
VERSION='0.8.8'
XMKMF=''
X_CFLAGS=''
X_EXTRA_LIBS=''
X_LIBS=''
X_PRE_LIBS=' -lSM -lICE'
ac_ct_CC='gcc'
ac_ct_CXX='g++'
am__EXEEXT_FALSE=''
am__EXEEXT_TRUE='#'
am__fastdepCC_FALSE=''
am__fastdepCC_TRUE='#'
am__fastdepCXX_FALSE=''
am__fastdepCXX_TRUE='#'
am__include='include'
am__isrc=''
am__leading_dot='.'
am__nodep='_no'
am__quote=''
am__rm_f_notfound=''
am__tar='tar --format=ustar -chf - "$$tardir"'
am__untar='tar -xf -'
am__xargs_n='xargs -n'
bindir='${exec_prefix}/bin'
build_alias=''
datadir='${datarootdir}'
datarootdir='${prefix}/share'
docdir='${datarootdir}/doc/${PACKAGE_TARNAME}'
dvidir='${docdir}'
exec_prefix='${prefix}'
host_alias=''
htmldir='${docdir}'
includedir='${prefix}/include'
infodir='${datarootdir}/info'
install_sh='${SHELL} /home/blame/Projects/hackedbox/install-sh'
libdir='${exec_prefix}/lib'
libexecdir='${exec_prefix}/libexec'
localedir='${datarootdir}/locale'
localstatedir='${prefix}/var'
mandir='${datarootdir}/man'
mkdir_p='$(MKDIR_P)'
oldincludedir='/usr/include'
pdfdir='${docdir}'
prefix='/usr'
program_transform_name='s,x,x,'
psdir='${docdir}'
regex_cmd='sed'
runstatedir='${localstatedir}/run'
sbindir='${exec_prefix}/sbin'
sharedstatedir='${prefix}/com'
sysconfdir='${prefix}/etc'
target_alias=''

## ----------- ##
## confdefs.h. ##
## ----------- ##

/* confdefs.h */
#define PACKAGE_NAME "Hackedbox"
#define PACKAGE_TARNAME "hackedbox"
#define PACKAGE_VERSION "0.8.8"
#define PACKAGE_STRING "Hackedbox 0.8.8"
#define PACKAGE_BUGREPORT ""
#define PACKAGE_URL ""
#define HAVE_STDIO_H 1
#define HAVE_STDLIB_H 1
#define HAVE_STRING_H 1
#define HAVE_INTTYPES_H 1
#define HAVE_STDINT_H 1
#define HAVE_STRINGS_H 1
#define HAVE_SYS_STAT_H 1
#define HAVE_SYS_TYPES_H 1
#define HAVE_UNISTD_H 1
#define STDC_HEADERS 1
#define HAVE_CTYPE_H 1
#define HAVE_DIRENT_H 1
#define HAVE_FCNTL_H 1
#define HAVE_LIBGEN_H 1
#define HAVE_LOCALE_H 1
#define HAVE_NL_TYPES_H 1
#define HAVE_SIGNAL_H 1
#define HAVE_STDARG_H 1
#define HAVE_STDIO_H 1
#define HAVE_STDLIB_H 1
#define HAVE_STRING_H 1
#define HAVE_TIME_H 1
#define HAVE_UNISTD_H 1
#define HAVE_SYS_PARAM_H 1
#define HAVE_SYS_SELECT_H 1
#define HAVE_SYS_SIGNAL_H 1
#define HAVE_SYS_STAT_H 1
#define HAVE_SYS_TIME_H 1
#define HAVE_SYS_TYPES_H 1
#define HAVE_SYS_WAIT_H 1
#define HAVE_BASENAME 1
#define HAVE_GETPID 1
#define HAVE_SETLOCALE 1
#define HAVE_SIGACTION 1
#define HAVE_STRFTIME 1
#define HAVE_STRCASESTR 1
#define HAVE_SNPRINTF 1
#define HAVE_VSNPRINTF 1
#define HAVE_CATOPEN 1
#define HAVE_CATGETS 1
#define HAVE_CATCLOSE 1

configure: exit 
